{
  "version": "1.5.0",
  "plugins_used": [
    {
      "name": "ArtifactoryDetector"
    },
    {
      "name": "AWSKeyDetector"
    },
    {
      "name": "AzureStorageKeyDetector"
    },
    {
      "name": "Base64HighEntropyString",
      "limit": 4.5
    },
    {
      "name": "BasicAuthDetector"
    },
    {
      "name": "CloudantDetector"
    },
    {
      "name": "DiscordBotTokenDetector"
    },
    {
      "name": "GitHubTokenDetector"
    },
    {
      "name": "GitLabTokenDetector"
    },
    {
      "name": "HexHighEntropyString",
      "limit": 3.0
    },
    {
      "name": "IbmCloudIamDetector"
    },
    {
      "name": "IbmCosHmacDetector"
    },
    {
      "name": "IPPublicDetector"
    },
    {
      "name": "JwtTokenDetector"
    },
    {
      "name": "KeywordDetector",
      "keyword_exclude": ""
    },
    {
      "name": "MailchimpDetector"
    },
    {
      "name": "NpmDetector"
    },
    {
      "name": "OpenAIDetector"
    },
    {
      "name": "PrivateKeyDetector"
    },
    {
      "name": "PypiTokenDetector"
    },
    {
      "name": "SendGridDetector"
    },
    {
      "name": "SlackDetector"
    },
    {
      "name": "SoftlayerDetector"
    },
    {
      "name": "SquareOAuthDetector"
    },
    {
      "name": "StripeDetector"
    },
    {
      "name": "TelegramBotTokenDetector"
    },
    {
      "name": "TwilioKeyDetector"
    }
  ],
  "filters_used": [
    {
      "path": "detect_secrets.filters.allowlist.is_line_allowlisted"
    },
    {
      "path": "detect_secrets.filters.common.is_ignored_due_to_verification_policies",
      "min_level": 2
    },
    {
      "path": "detect_secrets.filters.heuristic.is_indirect_reference"
    },
    {
      "path": "detect_secrets.filters.heuristic.is_likely_id_string"
    },
    {
      "path": "detect_secrets.filters.heuristic.is_lock_file"
    },
    {
      "path": "detect_secrets.filters.heuristic.is_not_alphanumeric_string"
    },
    {
      "path": "detect_secrets.filters.heuristic.is_potential_uuid"
    },
    {
      "path": "detect_secrets.filters.heuristic.is_prefixed_with_dollar_sign"
    },
    {
      "path": "detect_secrets.filters.heuristic.is_sequential_string"
    },
    {
      "path": "detect_secrets.filters.heuristic.is_swagger_file"
    },
    {
      "path": "detect_secrets.filters.heuristic.is_templated_secret"
    }
  ],
  "results": {
    "tests/fixtures/sentry/node-events-and-logs/metadata.json": [
      {
        "type": "Hex High Entropy String",
        "filename": "tests/fixtures/sentry/node-events-and-logs/metadata.json",
        "hashed_secret": "deaa99ce0526ce7cf5fb1c14f4f02dd30e9991a5",
        "is_verified": false,
        "line_number": 31,
        "is_secret": false
      },
      {
        "type": "Hex High Entropy String",
        "filename": "tests/fixtures/sentry/node-events-and-logs/metadata.json",
        "hashed_secret": "d3ce78edad49d33c10116a220f76b5869e5ab9a8",
        "is_verified": false,
        "line_number": 42,
        "is_secret": false
      },
      {
        "type": "Hex High Entropy String",
        "filename": "tests/fixtures/sentry/node-events-and-logs/metadata.json",
        "hashed_secret": "a023b462d824d70e768aa2122ebe608abcbb0f0f",
        "is_verified": false,
        "line_number": 53,
        "is_secret": false
      }
    ],
    "tests/fixtures/sentry/python-events/metadata.json": [
      {
        "type": "Hex High Entropy String",
        "filename": "tests/fixtures/sentry/python-events/metadata.json",
        "hashed_secret": "c8417276e7364fb14787364d3d1384372551b5eb",
        "is_verified": false,
        "line_number": 32,
        "is_secret": false
      },
      {
        "type": "Hex High Entropy String",
        "filename": "tests/fixtures/sentry/python-events/metadata.json",
        "hashed_secret": "fc064d411d7593565671423672de703737264ed0",
        "is_verified": false,
        "line_number": 43,
        "is_secret": false
      }
    ],
    "tests/fixtures/sentry/python-logging-debug/metadata.json": [
      {
        "type": "Hex High Entropy String",
        "filename": "tests/fixtures/sentry/python-logging-debug/metadata.json",
        "hashed_secret": "5ad00055a9033ae4c8bd03db15ca760ccbdd132c",
        "is_verified": false,
        "line_number": 32,
        "is_secret": false
      }
    ],
    "tests/fixtures/sentry/python-logging-default/metadata.json": [
      {
        "type": "Hex High Entropy String",
        "filename": "tests/fixtures/sentry/python-logging-default/metadata.json",
        "hashed_secret": "5e4a606142931745643ff56013415bb60e097956",
        "is_verified": false,
        "line_number": 33,
        "is_secret": false
      },
      {
        "type": "Hex High Entropy String",
        "filename": "tests/fixtures/sentry/python-logging-default/metadata.json",
        "hashed_secret": "1d00c27c5bb6118bd89f56fe6bb3ca986d005296",
        "is_verified": false,
        "line_number": 44,
        "is_secret": false
      },
      {
        "type": "Hex High Entropy String",
        "filename": "tests/fixtures/sentry/python-logging-default/metadata.json",
        "hashed_secret": "9df72f4828c5cb84cd97b8da426bad5bee17c8d9",
        "is_verified": false,
        "line_number": 55,
        "is_secret": false
      }
    ]
  },
  "generated_at": "2026-09-08T13:06:04Z"
}
