{
  "version": "1.5.0",
  "plugins_used": [
    {
      "name": "ArtifactoryDetector"
    },
    {
      "name": "AWSKeyDetector"
    },
    {
      "name": "AzureStorageKeyDetector"
    },
    {
      "name": "Base64HighEntropyString",
      "limit": 4.5
    },
    {
      "name": "BasicAuthDetector"
    },
    {
      "name": "CloudantDetector"
    },
    {
      "name": "DiscordBotTokenDetector"
    },
    {
      "name": "GitHubTokenDetector"
    },
    {
      "name": "GitLabTokenDetector"
    },
    {
      "name": "HexHighEntropyString",
      "limit": 3.0
    },
    {
      "name": "IbmCloudIamDetector"
    },
    {
      "name": "IbmCosHmacDetector"
    },
    {
      "name": "IPPublicDetector"
    },
    {
      "name": "JwtTokenDetector"
    },
    {
      "name": "KeywordDetector",
      "keyword_exclude": ""
    },
    {
      "name": "MailchimpDetector"
    },
    {
      "name": "NpmDetector"
    },
    {
      "name": "OpenAIDetector"
    },
    {
      "name": "PrivateKeyDetector"
    },
    {
      "name": "PypiTokenDetector"
    },
    {
      "name": "SendGridDetector"
    },
    {
      "name": "SlackDetector"
    },
    {
      "name": "SoftlayerDetector"
    },
    {
      "name": "SquareOAuthDetector"
    },
    {
      "name": "StripeDetector"
    },
    {
      "name": "TelegramBotTokenDetector"
    },
    {
      "name": "TwilioKeyDetector"
    }
  ],
  "filters_used": [
    {
      "path": "detect_secrets.filters.allowlist.is_line_allowlisted"
    },
    {
      "path": "detect_secrets.filters.common.is_baseline_file",
      "filename": ".secrets.baseline"
    },
    {
      "path": "detect_secrets.filters.common.is_ignored_due_to_verification_policies",
      "min_level": 2
    },
    {
      "path": "detect_secrets.filters.heuristic.is_indirect_reference"
    },
    {
      "path": "detect_secrets.filters.heuristic.is_likely_id_string"
    },
    {
      "path": "detect_secrets.filters.heuristic.is_lock_file"
    },
    {
      "path": "detect_secrets.filters.heuristic.is_not_alphanumeric_string"
    },
    {
      "path": "detect_secrets.filters.heuristic.is_potential_uuid"
    },
    {
      "path": "detect_secrets.filters.heuristic.is_prefixed_with_dollar_sign"
    },
    {
      "path": "detect_secrets.filters.heuristic.is_sequential_string"
    },
    {
      "path": "detect_secrets.filters.heuristic.is_swagger_file"
    },
    {
      "path": "detect_secrets.filters.heuristic.is_templated_secret"
    },
    {
      "path": "detect_secrets.filters.regex.should_exclude_file",
      "pattern": [
        "(^|/)(\\.git|\\.tools|node_modules|\\.venv|__pycache__|\\.playwright-browsers|\\.go-build-cache|\\.go-mod-cache|\\.npm-cache|\\.pip-cache)(/|$)"
      ]
    }
  ],
  "results": {
    "deploy/compose.yaml": [
      {
        "type": "Secret Keyword",
        "filename": "deploy/compose.yaml",
        "hashed_secret": "e1f54879712916ac5275a3bfdecc434c33d50864",
        "is_verified": false,
        "line_number": 7,
        "is_secret": false
      },
      {
        "type": "Secret Keyword",
        "filename": "deploy/compose.yaml",
        "hashed_secret": "a62c59b491962b80c2e4eceafc3595e265c729b7",
        "is_verified": false,
        "line_number": 24,
        "is_secret": false
      }
    ],
    "deploy/test_layout.py": [
      {
        "type": "Hex High Entropy String",
        "filename": "deploy/test_layout.py",
        "hashed_secret": "01cf0a77f2c5340ffd5a44f8607ef52a72d3ac11",
        "is_verified": false,
        "line_number": 61,
        "is_secret": false
      }
    ],
    "scripts/check": [
      {
        "type": "Hex High Entropy String",
        "filename": "scripts/check",
        "hashed_secret": "01cf0a77f2c5340ffd5a44f8607ef52a72d3ac11",
        "is_verified": false,
        "line_number": 31,
        "is_secret": false
      },
      {
        "type": "Basic Auth Credentials",
        "filename": "scripts/check",
        "hashed_secret": "e1f54879712916ac5275a3bfdecc434c33d50864",
        "is_verified": false,
        "line_number": 63,
        "is_secret": false
      }
    ],
    "tests/fixtures/manifest.json": [
      {
        "type": "Hex High Entropy String",
        "filename": "tests/fixtures/manifest.json",
        "hashed_secret": "93d36206c433bbfe38c8f77a4540421555f0d0d7",
        "is_verified": false,
        "line_number": 3,
        "is_secret": false
      },
      {
        "type": "Hex High Entropy String",
        "filename": "tests/fixtures/manifest.json",
        "hashed_secret": "01cf0a77f2c5340ffd5a44f8607ef52a72d3ac11",
        "is_verified": false,
        "line_number": 6,
        "is_secret": false
      },
      {
        "type": "Hex High Entropy String",
        "filename": "tests/fixtures/manifest.json",
        "hashed_secret": "b38821963cf95fb50aa08e96fc6ec098e769d715",
        "is_verified": false,
        "line_number": 7,
        "is_secret": false
      },
      {
        "type": "Hex High Entropy String",
        "filename": "tests/fixtures/manifest.json",
        "hashed_secret": "f468430d468285682e6f3548cd25cb74e6e33203",
        "is_verified": false,
        "line_number": 8,
        "is_secret": false
      },
      {
        "type": "Hex High Entropy String",
        "filename": "tests/fixtures/manifest.json",
        "hashed_secret": "7de8f59a8eea75938525f061b39584eff742808e",
        "is_verified": false,
        "line_number": 10,
        "is_secret": false
      },
      {
        "type": "Hex High Entropy String",
        "filename": "tests/fixtures/manifest.json",
        "hashed_secret": "548feaddb8be0110d6fd6c7ed5cc1522854106cb",
        "is_verified": false,
        "line_number": 11,
        "is_secret": false
      },
      {
        "type": "Hex High Entropy String",
        "filename": "tests/fixtures/manifest.json",
        "hashed_secret": "0733db6c56d13563ce6741490c606c3d75574c36",
        "is_verified": false,
        "line_number": 12,
        "is_secret": false
      }
    ],
    "tests/integration/g00_test.go": [
      {
        "type": "Secret Keyword",
        "filename": "tests/integration/g00_test.go",
        "hashed_secret": "5854a82bc4373373f08e11b4ba52e373bc3ccdc7",
        "is_verified": false,
        "line_number": 159,
        "is_secret": false
      }
    ]
  },
  "generated_at": "2026-09-18T15:36:15Z"
}
