{
  "version": "1.5.0",
  "plugins_used": [
    {
      "name": "ArtifactoryDetector"
    },
    {
      "name": "AWSKeyDetector"
    },
    {
      "name": "AzureStorageKeyDetector"
    },
    {
      "name": "Base64HighEntropyString",
      "limit": 4.5
    },
    {
      "name": "BasicAuthDetector"
    },
    {
      "name": "CloudantDetector"
    },
    {
      "name": "DiscordBotTokenDetector"
    },
    {
      "name": "GitHubTokenDetector"
    },
    {
      "name": "GitLabTokenDetector"
    },
    {
      "name": "HexHighEntropyString",
      "limit": 3.0
    },
    {
      "name": "IbmCloudIamDetector"
    },
    {
      "name": "IbmCosHmacDetector"
    },
    {
      "name": "IPPublicDetector"
    },
    {
      "name": "JwtTokenDetector"
    },
    {
      "name": "KeywordDetector",
      "keyword_exclude": ""
    },
    {
      "name": "MailchimpDetector"
    },
    {
      "name": "NpmDetector"
    },
    {
      "name": "OpenAIDetector"
    },
    {
      "name": "PrivateKeyDetector"
    },
    {
      "name": "PypiTokenDetector"
    },
    {
      "name": "SendGridDetector"
    },
    {
      "name": "SlackDetector"
    },
    {
      "name": "SoftlayerDetector"
    },
    {
      "name": "SquareOAuthDetector"
    },
    {
      "name": "StripeDetector"
    },
    {
      "name": "TelegramBotTokenDetector"
    },
    {
      "name": "TwilioKeyDetector"
    }
  ],
  "filters_used": [
    {
      "path": "detect_secrets.filters.allowlist.is_line_allowlisted"
    },
    {
      "path": "detect_secrets.filters.common.is_baseline_file",
      "filename": ".secrets.baseline"
    },
    {
      "path": "detect_secrets.filters.common.is_ignored_due_to_verification_policies",
      "min_level": 2
    },
    {
      "path": "detect_secrets.filters.heuristic.is_indirect_reference"
    },
    {
      "path": "detect_secrets.filters.heuristic.is_likely_id_string"
    },
    {
      "path": "detect_secrets.filters.heuristic.is_lock_file"
    },
    {
      "path": "detect_secrets.filters.heuristic.is_not_alphanumeric_string"
    },
    {
      "path": "detect_secrets.filters.heuristic.is_potential_uuid"
    },
    {
      "path": "detect_secrets.filters.heuristic.is_prefixed_with_dollar_sign"
    },
    {
      "path": "detect_secrets.filters.heuristic.is_sequential_string"
    },
    {
      "path": "detect_secrets.filters.heuristic.is_swagger_file"
    },
    {
      "path": "detect_secrets.filters.heuristic.is_templated_secret"
    },
    {
      "path": "detect_secrets.filters.regex.should_exclude_file",
      "pattern": [
        "(^|/)(\\.git|\\.tools|node_modules|\\.venv|__pycache__|\\.playwright-browsers|\\.go-build-cache|\\.go-mod-cache|\\.npm-cache|\\.pip-cache)(/|$)"
      ]
    }
  ],
  "results": {
    "deploy/compose.yaml": [
      {
        "type": "Secret Keyword",
        "filename": "deploy/compose.yaml",
        "hashed_secret": "e1f54879712916ac5275a3bfdecc434c33d50864",
        "is_verified": false,
        "line_number": 7,
        "is_secret": false
      },
      {
        "type": "Secret Keyword",
        "filename": "deploy/compose.yaml",
        "hashed_secret": "a62c59b491962b80c2e4eceafc3595e265c729b7",
        "is_verified": false,
        "line_number": 24,
        "is_secret": false
      }
    ],
    "deploy/test_layout.py": [
      {
        "type": "Hex High Entropy String",
        "filename": "deploy/test_layout.py",
        "hashed_secret": "01cf0a77f2c5340ffd5a44f8607ef52a72d3ac11",
        "is_verified": false,
        "line_number": 114,
        "is_secret": false
      }
    ],
    "scripts/check": [
      {
        "type": "Hex High Entropy String",
        "filename": "scripts/check",
        "hashed_secret": "01cf0a77f2c5340ffd5a44f8607ef52a72d3ac11",
        "is_verified": false,
        "line_number": 34,
        "is_secret": false
      },
      {
        "type": "Basic Auth Credentials",
        "filename": "scripts/check",
        "hashed_secret": "e1f54879712916ac5275a3bfdecc434c33d50864",
        "is_verified": false,
        "line_number": 84,
        "is_secret": false
      }
    ],
    "tests/fixtures/manifest.json": [
      {
        "type": "Hex High Entropy String",
        "filename": "tests/fixtures/manifest.json",
        "hashed_secret": "93d36206c433bbfe38c8f77a4540421555f0d0d7",
        "is_verified": false,
        "line_number": 3,
        "is_secret": false
      },
      {
        "type": "Hex High Entropy String",
        "filename": "tests/fixtures/manifest.json",
        "hashed_secret": "01cf0a77f2c5340ffd5a44f8607ef52a72d3ac11",
        "is_verified": false,
        "line_number": 6,
        "is_secret": false
      },
      {
        "type": "Hex High Entropy String",
        "filename": "tests/fixtures/manifest.json",
        "hashed_secret": "afe16f05d1d926183b0d72afa614c6f8505f504f",
        "is_verified": false,
        "line_number": 7,
        "is_secret": false
      },
      {
        "type": "Hex High Entropy String",
        "filename": "tests/fixtures/manifest.json",
        "hashed_secret": "2ca222cf512bb9c7e0690cf1feef00282add234f",
        "is_verified": false,
        "line_number": 8,
        "is_secret": false
      },
      {
        "type": "Hex High Entropy String",
        "filename": "tests/fixtures/manifest.json",
        "hashed_secret": "021328b0288cc93d743ce4540be54d76b4d4285f",
        "is_verified": false,
        "line_number": 9,
        "is_secret": false
      },
      {
        "type": "Hex High Entropy String",
        "filename": "tests/fixtures/manifest.json",
        "hashed_secret": "7de8f59a8eea75938525f061b39584eff742808e",
        "is_verified": false,
        "line_number": 11,
        "is_secret": false
      },
      {
        "type": "Hex High Entropy String",
        "filename": "tests/fixtures/manifest.json",
        "hashed_secret": "548feaddb8be0110d6fd6c7ed5cc1522854106cb",
        "is_verified": false,
        "line_number": 12,
        "is_secret": false
      },
      {
        "type": "Hex High Entropy String",
        "filename": "tests/fixtures/manifest.json",
        "hashed_secret": "0733db6c56d13563ce6741490c606c3d75574c36",
        "is_verified": false,
        "line_number": 13,
        "is_secret": false
      },
      {
        "type": "Hex High Entropy String",
        "filename": "tests/fixtures/manifest.json",
        "hashed_secret": "9b1a475c624a8995798aefd668078f7aa2de3b78",
        "is_verified": false,
        "line_number": 16,
        "is_secret": false
      },
      {
        "type": "Hex High Entropy String",
        "filename": "tests/fixtures/manifest.json",
        "hashed_secret": "518b91cfcf8d0532b4209520c299cf9fc39e7eb1",
        "is_verified": false,
        "line_number": 17,
        "is_secret": false
      },
      {
        "type": "Hex High Entropy String",
        "filename": "tests/fixtures/manifest.json",
        "hashed_secret": "54d819497f63e1a64fdabf9abca57100d4c19a66",
        "is_verified": false,
        "line_number": 18,
        "is_secret": false
      },
      {
        "type": "Hex High Entropy String",
        "filename": "tests/fixtures/manifest.json",
        "hashed_secret": "fc2f25e9647633a095f20b0650b75264bcadc391",
        "is_verified": false,
        "line_number": 19,
        "is_secret": false
      },
      {
        "type": "Hex High Entropy String",
        "filename": "tests/fixtures/manifest.json",
        "hashed_secret": "cd5332d01847b1b9c5a27d35f79cc7501e0fffc2",
        "is_verified": false,
        "line_number": 20,
        "is_secret": false
      },
      {
        "type": "Hex High Entropy String",
        "filename": "tests/fixtures/manifest.json",
        "hashed_secret": "f4a447bc42a0e13560043c7c98bf4b483d03c7ce",
        "is_verified": false,
        "line_number": 21,
        "is_secret": false
      },
      {
        "type": "Hex High Entropy String",
        "filename": "tests/fixtures/manifest.json",
        "hashed_secret": "c87a555d98c88ff23013a4e0c0f60683212b4056",
        "is_verified": false,
        "line_number": 22,
        "is_secret": false
      },
      {
        "type": "Hex High Entropy String",
        "filename": "tests/fixtures/manifest.json",
        "hashed_secret": "e5c25d37e2c68720f6cad6f6ffb3032070ec7312",
        "is_verified": false,
        "line_number": 23,
        "is_secret": false
      },
      {
        "type": "Hex High Entropy String",
        "filename": "tests/fixtures/manifest.json",
        "hashed_secret": "dcd17b96156d8bb73b3d7a41b03184c86e2fd06b",
        "is_verified": false,
        "line_number": 24,
        "is_secret": false
      }
    ],
    "tests/fixtures/sentry/browser-events-and-console/metadata.json": [
      {
        "type": "Hex High Entropy String",
        "filename": "tests/fixtures/sentry/browser-events-and-console/metadata.json",
        "hashed_secret": "77157c7ac2f41ce249a89fe8027cf8fa6b2a5b42",
        "is_verified": false,
        "line_number": 35,
        "is_secret": false
      },
      {
        "type": "Hex High Entropy String",
        "filename": "tests/fixtures/sentry/browser-events-and-console/metadata.json",
        "hashed_secret": "90c6a5ae66a2d844bb551d710c6db5d40d9256f6",
        "is_verified": false,
        "line_number": 46,
        "is_secret": false
      },
      {
        "type": "Hex High Entropy String",
        "filename": "tests/fixtures/sentry/browser-events-and-console/metadata.json",
        "hashed_secret": "81f869f8d314f06cf940ef5625e1359f54c37d81",
        "is_verified": false,
        "line_number": 57,
        "is_secret": false
      }
    ],
    "tests/fixtures/sentry/go-events/metadata.json": [
      {
        "type": "Hex High Entropy String",
        "filename": "tests/fixtures/sentry/go-events/metadata.json",
        "hashed_secret": "05a3408074c5fbd47c08ac04f05e3d92f94d350b",
        "is_verified": false,
        "line_number": 31,
        "is_secret": false
      },
      {
        "type": "Hex High Entropy String",
        "filename": "tests/fixtures/sentry/go-events/metadata.json",
        "hashed_secret": "bcaa3b5aa72d4c6ffe1a441e85eae2738e76b9ff",
        "is_verified": false,
        "line_number": 42,
        "is_secret": false
      },
      {
        "type": "Hex High Entropy String",
        "filename": "tests/fixtures/sentry/go-events/metadata.json",
        "hashed_secret": "9f9f0ba60c1b94afab23b21cd75d3d164c7a214e",
        "is_verified": false,
        "line_number": 53,
        "is_secret": false
      }
    ],
    "tests/fixtures/sentry/node-client-report/metadata.json": [
      {
        "type": "Hex High Entropy String",
        "filename": "tests/fixtures/sentry/node-client-report/metadata.json",
        "hashed_secret": "bf2052649cb213197be14b5e83afd78667420b25",
        "is_verified": false,
        "line_number": 30,
        "is_secret": false
      },
      {
        "type": "Hex High Entropy String",
        "filename": "tests/fixtures/sentry/node-client-report/metadata.json",
        "hashed_secret": "92a9729a24cf1dcfe889341bb674714c2e45be88",
        "is_verified": false,
        "line_number": 41,
        "is_secret": false
      }
    ],
    "tests/fixtures/sentry/node-events-and-logs/metadata.json": [
      {
        "type": "Hex High Entropy String",
        "filename": "tests/fixtures/sentry/node-events-and-logs/metadata.json",
        "hashed_secret": "62a9f184303c48dd4beb234ded8e51d041891967",
        "is_verified": false,
        "line_number": 31,
        "is_secret": false
      },
      {
        "type": "Hex High Entropy String",
        "filename": "tests/fixtures/sentry/node-events-and-logs/metadata.json",
        "hashed_secret": "a0c6baf7ee1ac8458f3e1b12464fbf49a0ddc591",
        "is_verified": false,
        "line_number": 42,
        "is_secret": false
      },
      {
        "type": "Hex High Entropy String",
        "filename": "tests/fixtures/sentry/node-events-and-logs/metadata.json",
        "hashed_secret": "a023b462d824d70e768aa2122ebe608abcbb0f0f",
        "is_verified": false,
        "line_number": 53,
        "is_secret": false
      }
    ],
    "tests/fixtures/sentry/python-celery-fork/metadata.json": [
      {
        "type": "Hex High Entropy String",
        "filename": "tests/fixtures/sentry/python-celery-fork/metadata.json",
        "hashed_secret": "5521a2fcf9ad01ef33a7d08e5263f8428bc0dc8e",
        "is_verified": false,
        "line_number": 32,
        "is_secret": false
      }
    ],
    "tests/fixtures/sentry/python-events/metadata.json": [
      {
        "type": "Hex High Entropy String",
        "filename": "tests/fixtures/sentry/python-events/metadata.json",
        "hashed_secret": "7509ce6ecfe8c50f4e01d697b7d483fa8fbfd37d",
        "is_verified": false,
        "line_number": 32,
        "is_secret": false
      },
      {
        "type": "Hex High Entropy String",
        "filename": "tests/fixtures/sentry/python-events/metadata.json",
        "hashed_secret": "bb40fd2f2c011d46fee21bffdc1902e7f10ff636",
        "is_verified": false,
        "line_number": 43,
        "is_secret": false
      }
    ],
    "tests/fixtures/sentry/python-fastapi/metadata.json": [
      {
        "type": "Hex High Entropy String",
        "filename": "tests/fixtures/sentry/python-fastapi/metadata.json",
        "hashed_secret": "7c8b0fe0df980edc173ad81c57aa30ac9175ccc1",
        "is_verified": false,
        "line_number": 32,
        "is_secret": false
      },
      {
        "type": "Hex High Entropy String",
        "filename": "tests/fixtures/sentry/python-fastapi/metadata.json",
        "hashed_secret": "6ba740a04c99ffdb1d55aa44dbf7a2860884ede8",
        "is_verified": false,
        "line_number": 43,
        "is_secret": false
      }
    ],
    "tests/fixtures/sentry/python-logging-debug/metadata.json": [
      {
        "type": "Hex High Entropy String",
        "filename": "tests/fixtures/sentry/python-logging-debug/metadata.json",
        "hashed_secret": "d2f8ce33346931a28680c347f9c17e81559a73ca",
        "is_verified": false,
        "line_number": 32,
        "is_secret": false
      }
    ],
    "tests/fixtures/sentry/python-logging-default/metadata.json": [
      {
        "type": "Hex High Entropy String",
        "filename": "tests/fixtures/sentry/python-logging-default/metadata.json",
        "hashed_secret": "102a3b2c6d455bf727242bb2a1f44184cc5532e6",
        "is_verified": false,
        "line_number": 33,
        "is_secret": false
      },
      {
        "type": "Hex High Entropy String",
        "filename": "tests/fixtures/sentry/python-logging-default/metadata.json",
        "hashed_secret": "0b0e7a45151a98952302d30ee75db73dfafe236b",
        "is_verified": false,
        "line_number": 44,
        "is_secret": false
      },
      {
        "type": "Hex High Entropy String",
        "filename": "tests/fixtures/sentry/python-logging-default/metadata.json",
        "hashed_secret": "459a9994cc75555f06f41a045b7de75285043199",
        "is_verified": false,
        "line_number": 55,
        "is_secret": false
      }
    ],
    "tests/integration/g00_test.go": [
      {
        "type": "Secret Keyword",
        "filename": "tests/integration/g00_test.go",
        "hashed_secret": "5854a82bc4373373f08e11b4ba52e373bc3ccdc7",
        "is_verified": false,
        "line_number": 194,
        "is_secret": false
      }
    ]
  },
  "generated_at": "2026-09-21T03:27:26Z"
}
